Using bundled DotNet SDK version: 6.0.302
Running UnrealBuildTool: dotnet "..\..\Engine\Binaries\DotNET\UnrealBuildTool\UnrealBuildTool.dll" VertigoEditor Win64 Development "-Project=G:/Epic/Unreal projects/VertigoGit/Vertigo.uproject" -WaitMutex -FromMsBuild
Log file: C:\Users\Hao\AppData\Local\UnrealBuildTool\Log.txt
Using 'git status' to determine working set for adaptive non-unity build (G:\Epic\Unreal projects\VertigoGit).
Parsing headers for VertigoEditor
  Running Internal UnrealHeaderTool "G:\Epic\Unreal projects\VertigoGit\Vertigo.uproject" "G:\Epic\Unreal projects\VertigoGit\Intermediate\Build\Win64\VertigoEditor\Development\VertigoEditor.uhtmanifest" -WarningsAsErrors -installed
Total of 2 written
Reflection code generated for VertigoEditor in 0.7880731 seconds
Building VertigoEditor...
Using Visual Studio 2022 14.41.34120 toolchain (C:\Program Files\Microsoft Visual Studio\2022\Community\VC\Tools\MSVC\14.41.34120) and Windows 10.0.16299.0 SDK (C:\Program Files (x86)\Windows Kits\10).
[Upgrade]
[Upgrade] Using backward-compatible build settings. The latest version of UE sets the following values by default, which may require code changes:
[Upgrade]     CppStandard = CppStandardVersion.Default        => Updates C++ Standard to C++20 (Previously: CppStandardVersion.Cpp17).
[Upgrade]     WindowsPlatform.bStrictConformanceMode = true   => Updates MSVC strict conformance mode to true (Previously: false).
[Upgrade] Suppress this message by setting 'DefaultBuildSettings = BuildSettingsVersion.V4;' in VertigoEditor.Target.cs, and explicitly overriding settings that differ from the new defaults.
[Upgrade]
[Adaptive Build] Excluded from Narrative unity file: Dialogue.cpp, NarrativeDialogueSettings.cpp
Determining max actions to execute in parallel (8 physical cores, 16 logical cores)
  Executing up to 8 processes, one per physical core
------ Building 11 action(s) started ------
[1/11] Compile [x64] NarrativeDialogueSettings.cpp
[2/11] Compile [x64] Dialogue.cpp
G:\Epic\Unreal projects\VertigoGit\Plugins\Narrative\Source\Narrative\Private\Dialogue.cpp(1731): error C2027: 使用了未定义类型“FCulture”
G:\Epic\UE_5.3\Engine\Source\Runtime\Core\Public\Internationalization\CulturePointer.h(7): note: 参见“FCulture”的声明
G:\Epic\Unreal projects\VertigoGit\Plugins\Narrative\Source\Narrative\Private\Dialogue.cpp(1731): error C2039: "GetTwoLetterISOLanguageName": 不是 "TSharedRef<FCulture,ESPMode::ThreadSafe>" 的成员
G:\Epic\UE_5.3\Engine\Source\Runtime\Core\Public\Templates\SharedPointer.h(163): note: 参见“TSharedRef<FCulture,ESPMode::ThreadSafe>”的声明
[3/11] Compile [x64] Module.Narrative.2.cpp
[4/11] Compile [x64] Module.Narrative.1.cpp
[5/11] Compile [x64] Module.Narrative.3.cpp
[6/11] Compile [x64] Module.NarrativeDialogueEditor.cpp
[7/11] Link [x64] UnrealEditor-NarrativeDialogueEditor.lib
  正在创建库 G:\Epic\Unreal projects\VertigoGit\Plugins\Narrative\Intermediate\Build\Win64\x64\UnrealEditor\Development\NarrativeDialogueEditor\UnrealEditor-NarrativeDialogueEditor.lib 和对象 G:\Epic\Unreal projects\VertigoGit\Plugins\Narrative\Intermediate\Build\Win64\x64\UnrealEditor\Development\NarrativeDialogueEditor\UnrealEditor-NarrativeDialogueEditor.exp
Total time in Parallel executor: 6.69 seconds
Total execution time: 8.27 seconds
EXIT=6
